
> front-end@0.1.0 build
> next build

node.exe : [baseline-b
rowser-mapping] The 
data in this module 
is over two months 
old.  To ensure 
accurate Baseline 
data, please update: 
`npm i baseline-browse
r-mapping@latest -D`
At C:\nvm4w\nodejs\npm
.ps1:16 char:5
+     & 
"$basedir/node$exe"  "
$basedir/node_modules/
npm/bin/npm-cli.js" 
...
+     ~~~~~~~~~~~~~~~~
~~~~~~~~~~~~~~~~~~~~~~
~~~~~~~~~~~~~~~~~~~~~~
~~~~~
    + CategoryInfo    
          : NotSpeci  
  fied: ([baseline-   
 brows...ping@late    
st -D`:String) []    
, RemoteException
    + FullyQualifiedE 
   rrorId : NativeCo  
  mmandError
 
   ظû▓ Next.js 16.0.5 (Turbopack)
   - Environments: .env.local

   Creating an optimized production build ...
[baseline-browser-mapp
ing] The data in this 
module is over two 
months old.  To 
ensure accurate 
Baseline data, please 
update: `npm i baselin
e-browser-mapping@late
st -D`

> Build error occurred
Error: Turbopack 
build failed with 3 
errors:
./lib/db.ts:1:1
Module not found: 
Can't resolve 
'mongoose'
[0m[31m[1m>[22m[3
9m[90m 1 |[39m 
[36mimport[39m 
mongoose[33m,[39m { 
[33mMongoose[39m } 
[36mfrom[39m [32m"m
ongoose"[39m[33m;[3
9m
 [90m   |[39m [31m
[1m^[22m[39m[31m[1
m^[22m[39m[31m[1m^
[22m[39m[31m[1m^[
22m[39m[31m[1m^[22
m[39m[31m[1m^[22m
[39m[31m[1m^[22m[3
9m[31m[1m^[22m[39m
[31m[1m^[22m[39m[
31m[1m^[22m[39m[31
m[1m^[22m[39m[31m
[1m^[22m[39m[31m[1
m^[22m[39m[31m[1m^
[22m[39m[31m[1m^[
22m[39m[31m[1m^[22
m[39m[31m[1m^[22m
[39m[31m[1m^[22m[3
9m[31m[1m^[22m[39m
[31m[1m^[22m[39m[
31m[1m^[22m[39m[31
m[1m^[22m[39m[31m
[1m^[22m[39m[31m[1
m^[22m[39m[31m[1m^
[22m[39m[31m[1m^[
22m[39m[31m[1m^[22
m[39m[31m[1m^[22m
[39m[31m[1m^[22m[3
9m[31m[1m^[22m[39m
[31m[1m^[22m[39m[
31m[1m^[22m[39m[31
m[1m^[22m[39m[31m
[1m^[22m[39m[31m[1
m^[22m[39m[31m[1m^
[22m[39m[31m[1m^[
22m[39m[31m[1m^[22
m[39m[31m[1m^[22m
[39m[31m[1m^[22m[3
9m[31m[1m^[22m[39m
[31m[1m^[22m[39m[
31m[1m^[22m[39m[31
m[1m^[22m[39m[31m
[1m^[22m[39m[31m[1
m^[22m[39m
 [90m 2 |[39m
 [90m 3 |[39m 
[36mconst[39m [33mM
ONGODB_URI[39m[33m:
[39m string 
[33m=[39m process[3
3m.[39menv[33m.[39m
[33mMONGODB_URI[39m 
[36mas[39m 
string[33m;[39m
 [90m 4 |[39m[0m



Import trace:
  App Route:
    ./lib/db.ts
    ./app/api/inspecti
on/route.ts

https://nextjs.org/doc
s/messages/module-not-
found


./models/Inspection.ts
:1:1
Module not found: 
Can't resolve 
'mongoose'
[0m[31m[1m>[22m[3
9m[90m 1 |[39m 
[36mimport[39m 
mongoose[33m,[39m { 
[33mSchema[39m[33m,
[39m 
[33mDocument[39m } 
[36mfrom[39m [32m'm
ongoose'[39m[33m;[3
9m
 [90m   |[39m [31m
[1m^[22m[39m[31m[1
m^[22m[39m[31m[1m^
[22m[39m[31m[1m^[
22m[39m[31m[1m^[22
m[39m[31m[1m^[22m
[39m[31m[1m^[22m[3
9m[31m[1m^[22m[39m
[31m[1m^[22m[39m[
31m[1m^[22m[39m[31
m[1m^[22m[39m[31m
[1m^[22m[39m[31m[1
m^[22m[39m[31m[1m^
[22m[39m[31m[1m^[
22m[39m[31m[1m^[22
m[39m[31m[1m^[22m
[39m[31m[1m^[22m[3
9m[31m[1m^[22m[39m
[31m[1m^[22m[39m[
31m[1m^[22m[39m[31
m[1m^[22m[39m[31m
[1m^[22m[39m[31m[1
m^[22m[39m[31m[1m^
[22m[39m[31m[1m^[
22m[39m[31m[1m^[22
m[39m[31m[1m^[22m
[39m[31m[1m^[22m[3
9m[31m[1m^[22m[39m
[31m[1m^[22m[39m[
31m[1m^[22m[39m[31
m[1m^[22m[39m[31m
[1m^[22m[39m[31m[1
m^[22m[39m[31m[1m^
[22m[39m[31m[1m^[
22m[39m[31m[1m^[22
m[39m[31m[1m^[22m
[39m[31m[1m^[22m[3
9m[31m[1m^[22m[39m
[31m[1m^[22m[39m[
31m[1m^[22m[39m[31
m[1m^[22m[39m[31m
[1m^[22m[39m[31m[1
m^[22m[39m[31m[1m^
[22m[39m[31m[1m^[
22m[39m[31m[1m^[22
m[39m[31m[1m^[22m
[39m[31m[1m^[22m[3
9m[31m[1m^[22m[39m
[31m[1m^[22m[39m[
31m[1m^[22m[39m
 [90m 2 |[39m
 [90m 3 |[39m 
[36mexport[39m 
[36minterface[39m 
[33mIInspection[39m 
[36mextends[39m 
[33mDocument[39m {
 [90m 4 |[39m   
clientName[33m:[39m 
string[33m;[39m[0m



Import trace:
  App Route:
    
./models/Inspection.ts
    ./app/api/inspecti
on/route.ts

https://nextjs.org/doc
s/messages/module-not-
found


./models/Report.ts:1:1
Module not found: 
Can't resolve 
'mongoose'
[0m[31m[1m>[22m[3
9m[90m 1 |[39m 
[36mimport[39m 
mongoose[33m,[39m { 
[33mSchema[39m[33m,
[39m [33mDocument[3
9m[33m,[39m 
[33mModel[39m } 
[36mfrom[39m [32m"m
ongoose"[39m[33m;[3
9m
 [90m   |[39m [31m
[1m^[22m[39m[31m[1
m^[22m[39m[31m[1m^
[22m[39m[31m[1m^[
22m[39m[31m[1m^[22
m[39m[31m[1m^[22m
[39m[31m[1m^[22m[3
9m[31m[1m^[22m[39m
[31m[1m^[22m[39m[
31m[1m^[22m[39m[31
m[1m^[22m[39m[31m
[1m^[22m[39m[31m[1
m^[22m[39m[31m[1m^
[22m[39m[31m[1m^[
22m[39m[31m[1m^[22
m[39m[31m[1m^[22m
[39m[31m[1m^[22m[3
9m[31m[1m^[22m[39m
[31m[1m^[22m[39m[
31m[1m^[22m[39m[31
m[1m^[22m[39m[31m
[1m^[22m[39m[31m[1
m^[22m[39m[31m[1m^
[22m[39m[31m[1m^[
22m[39m[31m[1m^[22
m[39m[31m[1m^[22m
[39m[31m[1m^[22m[3
9m[31m[1m^[22m[39m
[31m[1m^[22m[39m[
31m[1m^[22m[39m[31
m[1m^[22m[39m[31m
[1m^[22m[39m[31m[1
m^[22m[39m[31m[1m^
[22m[39m[31m[1m^[
22m[39m[31m[1m^[22
m[39m[31m[1m^[22m
[39m[31m[1m^[22m[3
9m[31m[1m^[22m[39m
[31m[1m^[22m[39m[
31m[1m^[22m[39m[31
m[1m^[22m[39m[31m
[1m^[22m[39m[31m[1
m^[22m[39m[31m[1m^
[22m[39m[31m[1m^[
22m[39m[31m[1m^[22
m[39m[31m[1m^[22m
[39m[31m[1m^[22m[3
9m[31m[1m^[22m[39m
[31m[1m^[22m[39m[
31m[1m^[22m[39m[31
m[1m^[22m[39m[31m
[1m^[22m[39m[31m[1
m^[22m[39m[31m[1m^
[22m[39m[31m[1m^[
22m[39m[31m[1m^[22
m[39m[31m[1m^[22m
[39m
 [90m 2 |[39m
 [90m 3 |[39m 
[36mexport[39m 
[36minterface[39m 
[33mIAnnotation[39m 
{
 [90m 4 |[39m   
type[33m:[39m 
[32m"square"[39m 
[33m|[39m [32m"poly
gon"[39m[33m;[39m[
0m



Import trace:
  App Route:
    ./models/Report.ts
    ./app/api/report/r
oute.ts

https://nextjs.org/doc
s/messages/module-not-
found


    at <unknown> 
(./lib/db.ts:1:1)
    at <unknown> (http
s://nextjs.org/docs/me
ssages/module-not-foun
d)
    at <unknown> (./mo
dels/Inspection.ts:1:1
)
    at <unknown> (http
s://nextjs.org/docs/me
ssages/module-not-foun
d)
    at <unknown> (./mo
dels/Report.ts:1:1)
    at <unknown> (http
s://nextjs.org/docs/me
ssages/module-not-foun
d)
